Archive member included to satisfy reference by file (symbol)

c:/software/embeddedgcc/arm_gcc/bin/../lib/gcc/arm-none-eabi/9.2.1/../../../../arm-none-eabi/lib/thumb/v7-m/nofp\libc_nano.a(lib_a-exit.o)
                              c:/software/embeddedgcc/arm_gcc/bin/../lib/gcc/arm-none-eabi/9.2.1/../../../../arm-none-eabi/lib/thumb/v7-m/nofp/crt0.o (exit)
c:/software/embeddedgcc/arm_gcc/bin/../lib/gcc/arm-none-eabi/9.2.1/../../../../arm-none-eabi/lib/thumb/v7-m/nofp\libc_nano.a(lib_a-impure.o)
                              c:/software/embeddedgcc/arm_gcc/bin/../lib/gcc/arm-none-eabi/9.2.1/../../../../arm-none-eabi/lib/thumb/v7-m/nofp\libc_nano.a(lib_a-exit.o) (_global_impure_ptr)
c:/software/embeddedgcc/arm_gcc/bin/../lib/gcc/arm-none-eabi/9.2.1/../../../../arm-none-eabi/lib/thumb/v7-m/nofp\libc_nano.a(lib_a-init.o)
                              c:/software/embeddedgcc/arm_gcc/bin/../lib/gcc/arm-none-eabi/9.2.1/../../../../arm-none-eabi/lib/thumb/v7-m/nofp/crt0.o (__libc_init_array)
c:/software/embeddedgcc/arm_gcc/bin/../lib/gcc/arm-none-eabi/9.2.1/../../../../arm-none-eabi/lib/thumb/v7-m/nofp\libc_nano.a(lib_a-memcpy-stub.o)
                              build/queue.o (memcpy)
c:/software/embeddedgcc/arm_gcc/bin/../lib/gcc/arm-none-eabi/9.2.1/../../../../arm-none-eabi/lib/thumb/v7-m/nofp\libc_nano.a(lib_a-memset.o)
                              c:/software/embeddedgcc/arm_gcc/bin/../lib/gcc/arm-none-eabi/9.2.1/../../../../arm-none-eabi/lib/thumb/v7-m/nofp/crt0.o (memset)
c:/software/embeddedgcc/arm_gcc/bin/../lib/gcc/arm-none-eabi/9.2.1/../../../../arm-none-eabi/lib/thumb/v7-m/nofp\libnosys.a(_exit.o)
                              c:/software/embeddedgcc/arm_gcc/bin/../lib/gcc/arm-none-eabi/9.2.1/../../../../arm-none-eabi/lib/thumb/v7-m/nofp\libc_nano.a(lib_a-exit.o) (_exit)

Discarded input sections

 .text          0x0000000000000000        0x0 c:/software/embeddedgcc/arm_gcc/bin/../lib/gcc/arm-none-eabi/9.2.1/thumb/v7-m/nofp/crti.o
 .data          0x0000000000000000        0x0 c:/software/embeddedgcc/arm_gcc/bin/../lib/gcc/arm-none-eabi/9.2.1/thumb/v7-m/nofp/crti.o
 .bss           0x0000000000000000        0x0 c:/software/embeddedgcc/arm_gcc/bin/../lib/gcc/arm-none-eabi/9.2.1/thumb/v7-m/nofp/crti.o
 .text          0x0000000000000000        0x0 c:/software/embeddedgcc/arm_gcc/bin/../lib/gcc/arm-none-eabi/9.2.1/thumb/v7-m/nofp/crtbegin.o
 .data          0x0000000000000000        0x0 c:/software/embeddedgcc/arm_gcc/bin/../lib/gcc/arm-none-eabi/9.2.1/thumb/v7-m/nofp/crtbegin.o
 .bss           0x0000000000000000        0x0 c:/software/embeddedgcc/arm_gcc/bin/../lib/gcc/arm-none-eabi/9.2.1/thumb/v7-m/nofp/crtbegin.o
 .data.__dso_handle
                0x0000000000000000        0x4 c:/software/embeddedgcc/arm_gcc/bin/../lib/gcc/arm-none-eabi/9.2.1/thumb/v7-m/nofp/crtbegin.o
 .text          0x0000000000000000       0x74 c:/software/embeddedgcc/arm_gcc/bin/../lib/gcc/arm-none-eabi/9.2.1/../../../../arm-none-eabi/lib/thumb/v7-m/nofp/crt0.o
 .data          0x0000000000000000        0x0 c:/software/embeddedgcc/arm_gcc/bin/../lib/gcc/arm-none-eabi/9.2.1/../../../../arm-none-eabi/lib/thumb/v7-m/nofp/crt0.o
 .bss           0x0000000000000000        0x0 c:/software/embeddedgcc/arm_gcc/bin/../lib/gcc/arm-none-eabi/9.2.1/../../../../arm-none-eabi/lib/thumb/v7-m/nofp/crt0.o
 .ARM.extab     0x0000000000000000        0x0 c:/software/embeddedgcc/arm_gcc/bin/../lib/gcc/arm-none-eabi/9.2.1/../../../../arm-none-eabi/lib/thumb/v7-m/nofp/crt0.o
 .ARM.exidx     0x0000000000000000        0x8 c:/software/embeddedgcc/arm_gcc/bin/../lib/gcc/arm-none-eabi/9.2.1/../../../../arm-none-eabi/lib/thumb/v7-m/nofp/crt0.o
 .ARM.attributes
                0x0000000000000000       0x1b c:/software/embeddedgcc/arm_gcc/bin/../lib/gcc/arm-none-eabi/9.2.1/../../../../arm-none-eabi/lib/thumb/v7-m/nofp/crt0.o
 .text          0x0000000000000000        0x0 build/main.o
 .data          0x0000000000000000        0x0 build/main.o
 .bss           0x0000000000000000        0x0 build/main.o
 .text          0x0000000000000000        0x0 build/system_stm32f10x.o
 .data          0x0000000000000000        0x0 build/system_stm32f10x.o
 .bss           0x0000000000000000        0x0 build/system_stm32f10x.o
 .text.SystemCoreClockUpdate
                0x0000000000000000       0x8c build/system_stm32f10x.o
 .data.AHBPrescTable
                0x0000000000000000       0x10 build/system_stm32f10x.o
 .data.SystemCoreClock
                0x0000000000000000        0x4 build/system_stm32f10x.o
 .text          0x0000000000000000        0x0 build/core_cm3.o
 .data          0x0000000000000000        0x0 build/core_cm3.o
 .bss           0x0000000000000000        0x0 build/core_cm3.o
 .text.__get_PSP
                0x0000000000000000        0x8 build/core_cm3.o
 .text.__set_PSP
                0x0000000000000000        0x6 build/core_cm3.o
 .text.__get_MSP
                0x0000000000000000        0x8 build/core_cm3.o
 .text.__set_MSP
                0x0000000000000000        0x6 build/core_cm3.o
 .text.__get_BASEPRI
                0x0000000000000000        0x6 build/core_cm3.o
 .text.__set_BASEPRI
                0x0000000000000000        0x6 build/core_cm3.o
 .text.__get_PRIMASK
                0x0000000000000000        0x6 build/core_cm3.o
 .text.__set_PRIMASK
                0x0000000000000000        0x6 build/core_cm3.o
 .text.__get_FAULTMASK
                0x0000000000000000        0x6 build/core_cm3.o
 .text.__set_FAULTMASK
                0x0000000000000000        0x6 build/core_cm3.o
 .text.__get_CONTROL
                0x0000000000000000        0x6 build/core_cm3.o
 .text.__set_CONTROL
                0x0000000000000000        0x6 build/core_cm3.o
 .text.__REV    0x0000000000000000        0x4 build/core_cm3.o
 .text.__REV16  0x0000000000000000        0x4 build/core_cm3.o
 .text.__REVSH  0x0000000000000000        0x4 build/core_cm3.o
 .text.__RBIT   0x0000000000000000        0x6 build/core_cm3.o
 .text.__LDREXB
                0x0000000000000000        0x8 build/core_cm3.o
 .text.__LDREXH
                0x0000000000000000        0x8 build/core_cm3.o
 .text.__LDREXW
                0x0000000000000000        0x6 build/core_cm3.o
 .text.__STREXB
                0x0000000000000000        0x8 build/core_cm3.o
 .text.__STREXH
                0x0000000000000000        0x8 build/core_cm3.o
 .text.__STREXW
                0x0000000000000000        0x6 build/core_cm3.o
 .debug_info    0x0000000000000000      0x647 build/core_cm3.o
 .debug_abbrev  0x0000000000000000       0xd3 build/core_cm3.o
 .debug_loc     0x0000000000000000      0x3a2 build/core_cm3.o
 .debug_aranges
                0x0000000000000000       0xc8 build/core_cm3.o
 .debug_ranges  0x0000000000000000       0xb8 build/core_cm3.o
 .debug_line    0x0000000000000000      0x312 build/core_cm3.o
 .debug_str     0x0000000000000000      0x2ea build/core_cm3.o
 .comment       0x0000000000000000       0x67 build/core_cm3.o
 .debug_frame   0x0000000000000000      0x170 build/core_cm3.o
 .ARM.attributes
                0x0000000000000000       0x2d build/core_cm3.o
 .text          0x0000000000000000        0x0 build/croutine.o
 .data          0x0000000000000000        0x0 build/croutine.o
 .bss           0x0000000000000000        0x0 build/croutine.o
 .debug_info    0x0000000000000000       0x72 build/croutine.o
 .debug_abbrev  0x0000000000000000       0x26 build/croutine.o
 .debug_aranges
                0x0000000000000000       0x18 build/croutine.o
 .debug_line    0x0000000000000000       0x1d build/croutine.o
 .debug_str     0x0000000000000000      0x164 build/croutine.o
 .comment       0x0000000000000000       0x67 build/croutine.o
 .ARM.attributes
                0x0000000000000000       0x33 build/croutine.o
 .text          0x0000000000000000        0x0 build/event_groups.o
 .data          0x0000000000000000        0x0 build/event_groups.o
 .bss           0x0000000000000000        0x0 build/event_groups.o
 .text.prvTestWaitCondition
                0x0000000000000000       0x1c build/event_groups.o
 .text.xEventGroupCreate
                0x0000000000000000       0x1a build/event_groups.o
 .text.xEventGroupWaitBits
                0x0000000000000000       0xbc build/event_groups.o
 .text.xEventGroupClearBits
                0x0000000000000000       0x1a build/event_groups.o
 .text.xEventGroupGetBitsFromISR
                0x0000000000000000       0x1c build/event_groups.o
 .text.xEventGroupSetBits
                0x0000000000000000       0x62 build/event_groups.o
 .text.xEventGroupSync
                0x0000000000000000       0x90 build/event_groups.o
 .text.vEventGroupDelete
                0x0000000000000000       0x24 build/event_groups.o
 .text.vEventGroupSetBitsCallback
                0x0000000000000000        0x8 build/event_groups.o
 .text.vEventGroupClearBitsCallback
                0x0000000000000000        0x8 build/event_groups.o
 .debug_info    0x0000000000000000     0x1421 build/event_groups.o
 .debug_abbrev  0x0000000000000000      0x382 build/event_groups.o
 .debug_loc     0x0000000000000000      0x989 build/event_groups.o
 .debug_aranges
                0x0000000000000000       0x68 build/event_groups.o
 .debug_ranges  0x0000000000000000       0x70 build/event_groups.o
 .debug_line    0x0000000000000000      0x641 build/event_groups.o
 .debug_str     0x0000000000000000      0x9cb build/event_groups.o
 .comment       0x0000000000000000       0x67 build/event_groups.o
 .debug_frame   0x0000000000000000      0x13c build/event_groups.o
 .ARM.attributes
                0x0000000000000000       0x2d build/event_groups.o
 .text          0x0000000000000000        0x0 build/list.o
 .data          0x0000000000000000        0x0 build/list.o
 .bss           0x0000000000000000        0x0 build/list.o
 .text.vListInsertEnd
                0x0000000000000000       0x16 build/list.o
 .text          0x0000000000000000        0x0 build/queue.o
 .data          0x0000000000000000        0x0 build/queue.o
 .bss           0x0000000000000000        0x0 build/queue.o
 .text.prvIsQueueFull
                0x0000000000000000       0x1e build/queue.o
 .text.prvIsQueueEmpty
                0x0000000000000000       0x1a build/queue.o
 .text.prvCopyDataToQueue
                0x0000000000000000       0x58 build/queue.o
 .text.prvCopyDataFromQueue
                0x0000000000000000       0x24 build/queue.o
 .text.prvUnlockQueue
                0x0000000000000000       0x6e build/queue.o
 .text.xQueueGenericReset
                0x0000000000000000       0x98 build/queue.o
 .text.prvInitialiseNewQueue
                0x0000000000000000       0x1c build/queue.o
 .text.xQueueGenericCreate
                0x0000000000000000       0x50 build/queue.o
 .text.xQueueGenericSend
                0x0000000000000000      0x118 build/queue.o
 .text.xQueueGenericSendFromISR
                0x0000000000000000       0x72 build/queue.o
 .text.xQueueGiveFromISR
                0x0000000000000000       0x64 build/queue.o
 .text.xQueueReceive
                0x0000000000000000      0x10c build/queue.o
 .text.xQueueSemaphoreTake
                0x0000000000000000      0x104 build/queue.o
 .text.xQueuePeek
                0x0000000000000000      0x10c build/queue.o
 .text.xQueueReceiveFromISR
                0x0000000000000000       0x6c build/queue.o
 .text.xQueuePeekFromISR
                0x0000000000000000       0x30 build/queue.o
 .text.uxQueueMessagesWaiting
                0x0000000000000000       0x12 build/queue.o
 .text.uxQueueSpacesAvailable
                0x0000000000000000       0x16 build/queue.o
 .text.uxQueueMessagesWaitingFromISR
                0x0000000000000000        0x4 build/queue.o
 .text.vQueueDelete
                0x0000000000000000        0x8 build/queue.o
 .text.xQueueIsQueueEmptyFromISR
                0x0000000000000000        0xc build/queue.o
 .text.xQueueIsQueueFullFromISR
                0x0000000000000000       0x10 build/queue.o
 .debug_info    0x0000000000000000     0x21cf build/queue.o
 .debug_abbrev  0x0000000000000000      0x399 build/queue.o
 .debug_loc     0x0000000000000000     0x16ce build/queue.o
 .debug_aranges
                0x0000000000000000       0xc8 build/queue.o
 .debug_ranges  0x0000000000000000      0x160 build/queue.o
 .debug_line    0x0000000000000000      0xefa build/queue.o
 .debug_str     0x0000000000000000      0xbe4 build/queue.o
 .comment       0x0000000000000000       0x67 build/queue.o
 .debug_frame   0x0000000000000000      0x2ec build/queue.o
 .ARM.attributes
                0x0000000000000000       0x2d build/queue.o
 .text          0x0000000000000000        0x0 build/stream_buffer.o
 .data          0x0000000000000000        0x0 build/stream_buffer.o
 .bss           0x0000000000000000        0x0 build/stream_buffer.o
 .text.prvBytesInBuffer
                0x0000000000000000       0x12 build/stream_buffer.o
 .text.prvInitialiseNewStreamBuffer
                0x0000000000000000       0x20 build/stream_buffer.o
 .text.prvWriteBytesToBuffer
                0x0000000000000000       0x40 build/stream_buffer.o
 .text.prvWriteMessageToBuffer
                0x0000000000000000       0x50 build/stream_buffer.o
 .text.prvReadBytesFromBuffer
                0x0000000000000000       0x42 build/stream_buffer.o
 .text.prvReadMessageFromBuffer
                0x0000000000000000       0x4e build/stream_buffer.o
 .text.xStreamBufferGenericCreate
                0x0000000000000000       0x3e build/stream_buffer.o
 .text.vStreamBufferDelete
                0x0000000000000000       0x1a build/stream_buffer.o
 .text.xStreamBufferReset
                0x0000000000000000       0x36 build/stream_buffer.o
 .text.xStreamBufferSetTriggerLevel
                0x0000000000000000       0x16 build/stream_buffer.o
 .text.xStreamBufferSpacesAvailable
                0x0000000000000000       0x20 build/stream_buffer.o
 .text.xStreamBufferBytesAvailable
                0x0000000000000000        0x8 build/stream_buffer.o
 .text.xStreamBufferSend
                0x0000000000000000       0xd2 build/stream_buffer.o
 .text.xStreamBufferSendFromISR
                0x0000000000000000       0x7c build/stream_buffer.o
 .text.xStreamBufferReceive
                0x0000000000000000       0xb4 build/stream_buffer.o
 .text.xStreamBufferNextMessageLengthBytes
                0x0000000000000000       0x32 build/stream_buffer.o
 .text.xStreamBufferReceiveFromISR
                0x0000000000000000       0x78 build/stream_buffer.o
 .text.xStreamBufferIsEmpty
                0x0000000000000000       0x10 build/stream_buffer.o
 .text.xStreamBufferIsFull
                0x0000000000000000       0x20 build/stream_buffer.o
 .text.xStreamBufferSendCompletedFromISR
                0x0000000000000000       0x40 build/stream_buffer.o
 .text.xStreamBufferReceiveCompletedFromISR
                0x0000000000000000       0x40 build/stream_buffer.o
 .debug_info    0x0000000000000000     0x1ef3 build/stream_buffer.o
 .debug_abbrev  0x0000000000000000      0x3f5 build/stream_buffer.o
 .debug_loc     0x0000000000000000     0x1aff build/stream_buffer.o
 .debug_aranges
                0x0000000000000000       0xc0 build/stream_buffer.o
 .debug_ranges  0x0000000000000000       0xb0 build/stream_buffer.o
 .debug_line    0x0000000000000000      0xbdb build/stream_buffer.o
 .debug_str     0x0000000000000000      0xc20 build/stream_buffer.o
 .comment       0x0000000000000000       0x67 build/stream_buffer.o
 .debug_frame   0x0000000000000000      0x310 build/stream_buffer.o
 .ARM.attributes
                0x0000000000000000       0x2d build/stream_buffer.o
 .text          0x0000000000000000        0x0 build/tasks.o
 .data          0x0000000000000000        0x0 build/tasks.o
 .bss           0x0000000000000000        0x0 build/tasks.o
 .text.prvTaskIsTaskSuspended
                0x0000000000000000       0x2c build/tasks.o
 .text.vTaskDelete
                0x0000000000000000       0xa4 build/tasks.o
 .text.uxTaskPriorityGet
                0x0000000000000000       0x20 build/tasks.o
 .text.uxTaskPriorityGetFromISR
                0x0000000000000000       0x28 build/tasks.o
 .text.vTaskPrioritySet
                0x0000000000000000       0xd4 build/tasks.o
 .text.vTaskResume
                0x0000000000000000       0x90 build/tasks.o
 .text.xTaskResumeFromISR
                0x0000000000000000       0xb0 build/tasks.o
 .text.vTaskEndScheduler
                0x0000000000000000       0x24 build/tasks.o
 .text.xTaskGetTickCount
                0x0000000000000000        0xc build/tasks.o
 .text.xTaskGetTickCountFromISR
                0x0000000000000000        0xc build/tasks.o
 .text.uxTaskGetNumberOfTasks
                0x0000000000000000        0xc build/tasks.o
 .text.pcTaskGetName
                0x0000000000000000       0x14 build/tasks.o
 .text.xTaskDelayUntil
                0x0000000000000000       0x6c build/tasks.o
 .text.xTaskCatchUpTicks
                0x0000000000000000       0x1c build/tasks.o
 .text.vTaskSuspend
                0x0000000000000000       0xb4 build/tasks.o
 .text.vTaskPlaceOnEventList
                0x0000000000000000       0x1c build/tasks.o
 .text.vTaskPlaceOnUnorderedEventList
                0x0000000000000000       0x40 build/tasks.o
 .text.xTaskRemoveFromEventList
                0x0000000000000000       0xdc build/tasks.o
 .text.vTaskRemoveFromUnorderedEventList
                0x0000000000000000       0xb0 build/tasks.o
 .text.vTaskSetTimeOutState
                0x0000000000000000       0x24 build/tasks.o
 .text.vTaskInternalSetTimeOutState
                0x0000000000000000       0x18 build/tasks.o
 .text.xTaskCheckForTimeOut
                0x0000000000000000       0x60 build/tasks.o
 .text.vTaskMissedYield
                0x0000000000000000        0xc build/tasks.o
 .text.xTaskGetCurrentTaskHandle
                0x0000000000000000        0xc build/tasks.o
 .text.xTaskGetSchedulerState
                0x0000000000000000       0x20 build/tasks.o
 .text.uxTaskResetEventItemValue
                0x0000000000000000       0x18 build/tasks.o
 .text.ulTaskGenericNotifyTake
                0x0000000000000000       0x98 build/tasks.o
 .text.xTaskGenericNotifyWait
                0x0000000000000000       0xbc build/tasks.o
 .text.xTaskGenericNotify
                0x0000000000000000      0x120 build/tasks.o
 .text.xTaskGenericNotifyFromISR
                0x0000000000000000      0x14c build/tasks.o
 .text.vTaskGenericNotifyGiveFromISR
                0x0000000000000000       0xf0 build/tasks.o
 .text.xTaskGenericNotifyStateClear
                0x0000000000000000       0x38 build/tasks.o
 .text.ulTaskGenericNotifyValueClear
                0x0000000000000000       0x34 build/tasks.o
 .text          0x0000000000000000        0x0 build/timers.o
 .data          0x0000000000000000        0x0 build/timers.o
 .bss           0x0000000000000000        0x0 build/timers.o
 .debug_info    0x0000000000000000      0x9fb build/timers.o
 .debug_abbrev  0x0000000000000000      0x18f build/timers.o
 .debug_aranges
                0x0000000000000000       0x18 build/timers.o
 .debug_line    0x0000000000000000      0x10a build/timers.o
 .debug_str     0x0000000000000000      0x548 build/timers.o
 .comment       0x0000000000000000       0x67 build/timers.o
 .ARM.attributes
                0x0000000000000000       0x33 build/timers.o
 .text          0x0000000000000000        0x0 build/heap_1.o
 .data          0x0000000000000000        0x0 build/heap_1.o
 .bss           0x0000000000000000        0x0 build/heap_1.o
 .text.vPortInitialiseBlocks
                0x0000000000000000        0xc build/heap_1.o
 .text.xPortGetFreeHeapSize
                0x0000000000000000       0x10 build/heap_1.o
 .text          0x0000000000000000        0x0 build/port.o
 .data          0x0000000000000000        0x0 build/port.o
 .bss           0x0000000000000000        0x0 build/port.o
 .text.vPortEndScheduler
                0x0000000000000000        0x2 build/port.o
 .text          0x0000000000000000       0x14 build/startup_stm32f103xb.o
 .data          0x0000000000000000        0x0 build/startup_stm32f103xb.o
 .bss           0x0000000000000000        0x0 build/startup_stm32f103xb.o
 .text          0x0000000000000000        0x0 c:/software/embeddedgcc/arm_gcc/bin/../lib/gcc/arm-none-eabi/9.2.1/../../../../arm-none-eabi/lib/thumb/v7-m/nofp\libc_nano.a(lib_a-exit.o)
 .data          0x0000000000000000        0x0 c:/software/embeddedgcc/arm_gcc/bin/../lib/gcc/arm-none-eabi/9.2.1/../../../../arm-none-eabi/lib/thumb/v7-m/nofp\libc_nano.a(lib_a-exit.o)
 .bss           0x0000000000000000        0x0 c:/software/embeddedgcc/arm_gcc/bin/../lib/gcc/arm-none-eabi/9.2.1/../../../../arm-none-eabi/lib/thumb/v7-m/nofp\libc_nano.a(lib_a-exit.o)
 .text.exit     0x0000000000000000       0x28 c:/software/embeddedgcc/arm_gcc/bin/../lib/gcc/arm-none-eabi/9.2.1/../../../../arm-none-eabi/lib/thumb/v7-m/nofp\libc_nano.a(lib_a-exit.o)
 .debug_frame   0x0000000000000000       0x28 c:/software/embeddedgcc/arm_gcc/bin/../lib/gcc/arm-none-eabi/9.2.1/../../../../arm-none-eabi/lib/thumb/v7-m/nofp\libc_nano.a(lib_a-exit.o)
 .ARM.attributes
                0x0000000000000000       0x2d c:/software/embeddedgcc/arm_gcc/bin/../lib/gcc/arm-none-eabi/9.2.1/../../../../arm-none-eabi/lib/thumb/v7-m/nofp\libc_nano.a(lib_a-exit.o)
 .text          0x0000000000000000        0x0 c:/software/embeddedgcc/arm_gcc/bin/../lib/gcc/arm-none-eabi/9.2.1/../../../../arm-none-eabi/lib/thumb/v7-m/nofp\libc_nano.a(lib_a-impure.o)
 .data          0x0000000000000000        0x0 c:/software/embeddedgcc/arm_gcc/bin/../lib/gcc/arm-none-eabi/9.2.1/../../../../arm-none-eabi/lib/thumb/v7-m/nofp\libc_nano.a(lib_a-impure.o)
 .bss           0x0000000000000000        0x0 c:/software/embeddedgcc/arm_gcc/bin/../lib/gcc/arm-none-eabi/9.2.1/../../../../arm-none-eabi/lib/thumb/v7-m/nofp\libc_nano.a(lib_a-impure.o)
 .data._impure_ptr
                0x0000000000000000        0x4 c:/software/embeddedgcc/arm_gcc/bin/../lib/gcc/arm-none-eabi/9.2.1/../../../../arm-none-eabi/lib/thumb/v7-m/nofp\libc_nano.a(lib_a-impure.o)
 .data.impure_data
                0x0000000000000000       0x60 c:/software/embeddedgcc/arm_gcc/bin/../lib/gcc/arm-none-eabi/9.2.1/../../../../arm-none-eabi/lib/thumb/v7-m/nofp\libc_nano.a(lib_a-impure.o)
 .rodata._global_impure_ptr
                0x0000000000000000        0x4 c:/software/embeddedgcc/arm_gcc/bin/../lib/gcc/arm-none-eabi/9.2.1/../../../../arm-none-eabi/lib/thumb/v7-m/nofp\libc_nano.a(lib_a-impure.o)
 .ARM.attributes
                0x0000000000000000       0x2d c:/software/embeddedgcc/arm_gcc/bin/../lib/gcc/arm-none-eabi/9.2.1/../../../../arm-none-eabi/lib/thumb/v7-m/nofp\libc_nano.a(lib_a-impure.o)
 .text          0x0000000000000000        0x0 c:/software/embeddedgcc/arm_gcc/bin/../lib/gcc/arm-none-eabi/9.2.1/../../../../arm-none-eabi/lib/thumb/v7-m/nofp\libc_nano.a(lib_a-init.o)
 .data          0x0000000000000000        0x0 c:/software/embeddedgcc/arm_gcc/bin/../lib/gcc/arm-none-eabi/9.2.1/../../../../arm-none-eabi/lib/thumb/v7-m/nofp\libc_nano.a(lib_a-init.o)
 .bss           0x0000000000000000        0x0 c:/software/embeddedgcc/arm_gcc/bin/../lib/gcc/arm-none-eabi/9.2.1/../../../../arm-none-eabi/lib/thumb/v7-m/nofp\libc_nano.a(lib_a-init.o)
 .text          0x0000000000000000        0x0 c:/software/embeddedgcc/arm_gcc/bin/../lib/gcc/arm-none-eabi/9.2.1/../../../../arm-none-eabi/lib/thumb/v7-m/nofp\libc_nano.a(lib_a-memcpy-stub.o)
 .data          0x0000000000000000        0x0 c:/software/embeddedgcc/arm_gcc/bin/../lib/gcc/arm-none-eabi/9.2.1/../../../../arm-none-eabi/lib/thumb/v7-m/nofp\libc_nano.a(lib_a-memcpy-stub.o)
 .bss           0x0000000000000000        0x0 c:/software/embeddedgcc/arm_gcc/bin/../lib/gcc/arm-none-eabi/9.2.1/../../../../arm-none-eabi/lib/thumb/v7-m/nofp\libc_nano.a(lib_a-memcpy-stub.o)
 .text.memcpy   0x0000000000000000       0x1c c:/software/embeddedgcc/arm_gcc/bin/../lib/gcc/arm-none-eabi/9.2.1/../../../../arm-none-eabi/lib/thumb/v7-m/nofp\libc_nano.a(lib_a-memcpy-stub.o)
 .debug_frame   0x0000000000000000       0x28 c:/software/embeddedgcc/arm_gcc/bin/../lib/gcc/arm-none-eabi/9.2.1/../../../../arm-none-eabi/lib/thumb/v7-m/nofp\libc_nano.a(lib_a-memcpy-stub.o)
 .ARM.attributes
                0x0000000000000000       0x2d c:/software/embeddedgcc/arm_gcc/bin/../lib/gcc/arm-none-eabi/9.2.1/../../../../arm-none-eabi/lib/thumb/v7-m/nofp\libc_nano.a(lib_a-memcpy-stub.o)
 .text          0x0000000000000000        0x0 c:/software/embeddedgcc/arm_gcc/bin/../lib/gcc/arm-none-eabi/9.2.1/../../../../arm-none-eabi/lib/thumb/v7-m/nofp\libc_nano.a(lib_a-memset.o)
 .data          0x0000000000000000        0x0 c:/software/embeddedgcc/arm_gcc/bin/../lib/gcc/arm-none-eabi/9.2.1/../../../../arm-none-eabi/lib/thumb/v7-m/nofp\libc_nano.a(lib_a-memset.o)
 .bss           0x0000000000000000        0x0 c:/software/embeddedgcc/arm_gcc/bin/../lib/gcc/arm-none-eabi/9.2.1/../../../../arm-none-eabi/lib/thumb/v7-m/nofp\libc_nano.a(lib_a-memset.o)
 .text.memset   0x0000000000000000       0x10 c:/software/embeddedgcc/arm_gcc/bin/../lib/gcc/arm-none-eabi/9.2.1/../../../../arm-none-eabi/lib/thumb/v7-m/nofp\libc_nano.a(lib_a-memset.o)
 .debug_frame   0x0000000000000000       0x20 c:/software/embeddedgcc/arm_gcc/bin/../lib/gcc/arm-none-eabi/9.2.1/../../../../arm-none-eabi/lib/thumb/v7-m/nofp\libc_nano.a(lib_a-memset.o)
 .ARM.attributes
                0x0000000000000000       0x2d c:/software/embeddedgcc/arm_gcc/bin/../lib/gcc/arm-none-eabi/9.2.1/../../../../arm-none-eabi/lib/thumb/v7-m/nofp\libc_nano.a(lib_a-memset.o)
 .text          0x0000000000000000        0x0 c:/software/embeddedgcc/arm_gcc/bin/../lib/gcc/arm-none-eabi/9.2.1/../../../../arm-none-eabi/lib/thumb/v7-m/nofp\libnosys.a(_exit.o)
 .data          0x0000000000000000        0x0 c:/software/embeddedgcc/arm_gcc/bin/../lib/gcc/arm-none-eabi/9.2.1/../../../../arm-none-eabi/lib/thumb/v7-m/nofp\libnosys.a(_exit.o)
 .bss           0x0000000000000000        0x0 c:/software/embeddedgcc/arm_gcc/bin/../lib/gcc/arm-none-eabi/9.2.1/../../../../arm-none-eabi/lib/thumb/v7-m/nofp\libnosys.a(_exit.o)
 .text._exit    0x0000000000000000        0x4 c:/software/embeddedgcc/arm_gcc/bin/../lib/gcc/arm-none-eabi/9.2.1/../../../../arm-none-eabi/lib/thumb/v7-m/nofp\libnosys.a(_exit.o)
 .debug_frame   0x0000000000000000       0x20 c:/software/embeddedgcc/arm_gcc/bin/../lib/gcc/arm-none-eabi/9.2.1/../../../../arm-none-eabi/lib/thumb/v7-m/nofp\libnosys.a(_exit.o)
 .ARM.attributes
                0x0000000000000000       0x2d c:/software/embeddedgcc/arm_gcc/bin/../lib/gcc/arm-none-eabi/9.2.1/../../../../arm-none-eabi/lib/thumb/v7-m/nofp\libnosys.a(_exit.o)
 .text          0x0000000000000000        0x0 c:/software/embeddedgcc/arm_gcc/bin/../lib/gcc/arm-none-eabi/9.2.1/thumb/v7-m/nofp/crtend.o
 .data          0x0000000000000000        0x0 c:/software/embeddedgcc/arm_gcc/bin/../lib/gcc/arm-none-eabi/9.2.1/thumb/v7-m/nofp/crtend.o
 .bss           0x0000000000000000        0x0 c:/software/embeddedgcc/arm_gcc/bin/../lib/gcc/arm-none-eabi/9.2.1/thumb/v7-m/nofp/crtend.o
 .eh_frame      0x0000000000000000        0x4 c:/software/embeddedgcc/arm_gcc/bin/../lib/gcc/arm-none-eabi/9.2.1/thumb/v7-m/nofp/crtend.o
 .ARM.attributes
                0x0000000000000000       0x2d c:/software/embeddedgcc/arm_gcc/bin/../lib/gcc/arm-none-eabi/9.2.1/thumb/v7-m/nofp/crtend.o
 .text          0x0000000000000000        0x0 c:/software/embeddedgcc/arm_gcc/bin/../lib/gcc/arm-none-eabi/9.2.1/thumb/v7-m/nofp/crtn.o
 .data          0x0000000000000000        0x0 c:/software/embeddedgcc/arm_gcc/bin/../lib/gcc/arm-none-eabi/9.2.1/thumb/v7-m/nofp/crtn.o
 .bss           0x0000000000000000        0x0 c:/software/embeddedgcc/arm_gcc/bin/../lib/gcc/arm-none-eabi/9.2.1/thumb/v7-m/nofp/crtn.o

Memory Configuration

Name             Origin             Length             Attributes
RAM              0x0000000020000000 0x0000000000005000 xrw
FLASH            0x0000000008000000 0x0000000000010000 xr
*default*        0x0000000000000000 0xffffffffffffffff

Linker script and memory map

LOAD c:/software/embeddedgcc/arm_gcc/bin/../lib/gcc/arm-none-eabi/9.2.1/thumb/v7-m/nofp/crti.o
LOAD c:/software/embeddedgcc/arm_gcc/bin/../lib/gcc/arm-none-eabi/9.2.1/thumb/v7-m/nofp/crtbegin.o
LOAD c:/software/embeddedgcc/arm_gcc/bin/../lib/gcc/arm-none-eabi/9.2.1/../../../../arm-none-eabi/lib/thumb/v7-m/nofp/crt0.o
LOAD build/main.o
LOAD build/system_stm32f10x.o
LOAD build/core_cm3.o
LOAD build/croutine.o
LOAD build/event_groups.o
LOAD build/list.o
LOAD build/queue.o
LOAD build/stream_buffer.o
LOAD build/tasks.o
LOAD build/timers.o
LOAD build/heap_1.o
LOAD build/port.o
LOAD build/startup_stm32f103xb.o
LOAD c:/software/embeddedgcc/arm_gcc/bin/../lib/gcc/arm-none-eabi/9.2.1/../../../../arm-none-eabi/lib/thumb/v7-m/nofp\libc_nano.a
LOAD c:/software/embeddedgcc/arm_gcc/bin/../lib/gcc/arm-none-eabi/9.2.1/../../../../arm-none-eabi/lib/thumb/v7-m/nofp\libm.a
LOAD c:/software/embeddedgcc/arm_gcc/bin/../lib/gcc/arm-none-eabi/9.2.1/../../../../arm-none-eabi/lib/thumb/v7-m/nofp\libnosys.a
START GROUP
LOAD c:/software/embeddedgcc/arm_gcc/bin/../lib/gcc/arm-none-eabi/9.2.1/thumb/v7-m/nofp\libgcc.a
LOAD c:/software/embeddedgcc/arm_gcc/bin/../lib/gcc/arm-none-eabi/9.2.1/../../../../arm-none-eabi/lib/thumb/v7-m/nofp\libc_nano.a
END GROUP
START GROUP
LOAD c:/software/embeddedgcc/arm_gcc/bin/../lib/gcc/arm-none-eabi/9.2.1/thumb/v7-m/nofp\libgcc.a
LOAD c:/software/embeddedgcc/arm_gcc/bin/../lib/gcc/arm-none-eabi/9.2.1/../../../../arm-none-eabi/lib/thumb/v7-m/nofp\libc_nano.a
END GROUP
LOAD c:/software/embeddedgcc/arm_gcc/bin/../lib/gcc/arm-none-eabi/9.2.1/thumb/v7-m/nofp/crtend.o
LOAD c:/software/embeddedgcc/arm_gcc/bin/../lib/gcc/arm-none-eabi/9.2.1/thumb/v7-m/nofp/crtn.o
                0x0000000020005000                _estack = (ORIGIN (RAM) + LENGTH (RAM))
                0x0000000000000200                _Min_Heap_Size = 0x200
                0x0000000000000400                _Min_Stack_Size = 0x400

.isr_vector     0x0000000008000000      0x10c
                0x0000000008000000                . = ALIGN (0x4)
 *(.isr_vector)
 .isr_vector    0x0000000008000000      0x10c build/startup_stm32f103xb.o
                0x0000000008000000                g_pfnVectors
                0x000000000800010c                . = ALIGN (0x4)

.text           0x0000000008000110      0xc58
                0x0000000008000110                . = ALIGN (0x4)
 *(.text)
 *(.text*)
 .text.__do_global_dtors_aux
                0x0000000008000110       0x24 c:/software/embeddedgcc/arm_gcc/bin/../lib/gcc/arm-none-eabi/9.2.1/thumb/v7-m/nofp/crtbegin.o
 .text.frame_dummy
                0x0000000008000134       0x1c c:/software/embeddedgcc/arm_gcc/bin/../lib/gcc/arm-none-eabi/9.2.1/thumb/v7-m/nofp/crtbegin.o
 .text.vTask_led_blink_pc13
                0x0000000008000150       0x2c build/main.o
                0x0000000008000150                vTask_led_blink_pc13
 .text.vTask_led_blink_pc9
                0x000000000800017c       0x2c build/main.o
                0x000000000800017c                vTask_led_blink_pc9
 .text.GPIO_Init
                0x00000000080001a8       0x38 build/main.o
                0x00000000080001a8                GPIO_Init
 .text.main     0x00000000080001e0       0x44 build/main.o
                0x00000000080001e0                main
 .text.SetSysClockTo24
                0x0000000008000224       0xa0 build/system_stm32f10x.o
 .text.SetSysClock
                0x00000000080002c4        0x8 build/system_stm32f10x.o
 .text.SystemInit
                0x00000000080002cc       0x54 build/system_stm32f10x.o
                0x00000000080002cc                SystemInit
 .text.vListInitialise
                0x0000000008000320       0x16 build/list.o
                0x0000000008000320                vListInitialise
 .text.vListInitialiseItem
                0x0000000008000336        0x6 build/list.o
                0x0000000008000336                vListInitialiseItem
 .text.vListInsert
                0x000000000800033c       0x32 build/list.o
                0x000000000800033c                vListInsert
 .text.uxListRemove
                0x000000000800036e       0x26 build/list.o
                0x000000000800036e                uxListRemove
 .text.prvResetNextTaskUnblockTime
                0x0000000008000394       0x28 build/tasks.o
 .text.prvDeleteTCB
                0x00000000080003bc       0x12 build/tasks.o
 .text.prvInitialiseNewTask
                0x00000000080003ce       0x8a build/tasks.o
 .text.prvInitialiseTaskLists
                0x0000000008000458       0x68 build/tasks.o
 .text.prvAddNewTaskToReadyList
                0x00000000080004c0       0xc4 build/tasks.o
 .text.prvCheckTasksWaitingTermination
                0x0000000008000584       0x4c build/tasks.o
 .text.prvIdleTask
                0x00000000080005d0       0x28 build/tasks.o
 .text.prvAddCurrentTaskToDelayedList
                0x00000000080005f8       0x98 build/tasks.o
 .text.xTaskCreate
                0x0000000008000690       0x64 build/tasks.o
                0x0000000008000690                xTaskCreate
 .text.vTaskStartScheduler
                0x00000000080006f4       0x6c build/tasks.o
                0x00000000080006f4                vTaskStartScheduler
 .text.vTaskSuspendAll
                0x0000000008000760       0x10 build/tasks.o
                0x0000000008000760                vTaskSuspendAll
 .text.xTaskIncrementTick
                0x0000000008000770      0x15c build/tasks.o
                0x0000000008000770                xTaskIncrementTick
 .text.xTaskResumeAll
                0x00000000080008cc      0x134 build/tasks.o
                0x00000000080008cc                xTaskResumeAll
 .text.vTaskDelay
                0x0000000008000a00       0x34 build/tasks.o
                0x0000000008000a00                vTaskDelay
 .text.vTaskSwitchContext
                0x0000000008000a34       0x84 build/tasks.o
                0x0000000008000a34                vTaskSwitchContext
 .text.pvPortMalloc
                0x0000000008000ab8       0x70 build/heap_1.o
                0x0000000008000ab8                pvPortMalloc
 .text.vPortFree
                0x0000000008000b28        0x2 build/heap_1.o
                0x0000000008000b28                vPortFree
 .text.prvTaskExitError
                0x0000000008000b2a       0x20 build/port.o
 *fill*         0x0000000008000b4a        0x2 
 .text.prvPortStartFirstTask
                0x0000000008000b4c       0x20 build/port.o
 .text.pxPortInitialiseStack
                0x0000000008000b6c       0x24 build/port.o
                0x0000000008000b6c                pxPortInitialiseStack
 .text.SVC_Handler
                0x0000000008000b90       0x24 build/port.o
                0x0000000008000b90                SVC_Handler
 .text.vPortEnterCritical
                0x0000000008000bb4       0x20 build/port.o
                0x0000000008000bb4                vPortEnterCritical
 .text.vPortExitCritical
                0x0000000008000bd4       0x14 build/port.o
                0x0000000008000bd4                vPortExitCritical
 *fill*         0x0000000008000be8        0x8 
 .text.PendSV_Handler
                0x0000000008000bf0       0x44 build/port.o
                0x0000000008000bf0                PendSV_Handler
 .text.SysTick_Handler
                0x0000000008000c34       0x2c build/port.o
                0x0000000008000c34                SysTick_Handler
 .text.vPortSetupTimerInterrupt
                0x0000000008000c60       0x24 build/port.o
                0x0000000008000c60                vPortSetupTimerInterrupt
 .text.xPortStartScheduler
                0x0000000008000c84       0x38 build/port.o
                0x0000000008000c84                xPortStartScheduler
 .text.Reset_Handler
                0x0000000008000cbc       0x48 build/startup_stm32f103xb.o
                0x0000000008000cbc                Reset_Handler
 .text.Default_Handler
                0x0000000008000d04        0x2 build/startup_stm32f103xb.o
                0x0000000008000d04                RTC_Alarm_IRQHandler
                0x0000000008000d04                EXTI2_IRQHandler
                0x0000000008000d04                DebugMon_Handler
                0x0000000008000d04                TIM1_CC_IRQHandler
                0x0000000008000d04                HardFault_Handler
                0x0000000008000d04                PVD_IRQHandler
                0x0000000008000d04                NMI_Handler
                0x0000000008000d04                EXTI3_IRQHandler
                0x0000000008000d04                EXTI0_IRQHandler
                0x0000000008000d04                I2C2_EV_IRQHandler
                0x0000000008000d04                UsageFault_Handler
                0x0000000008000d04                ADC1_2_IRQHandler
                0x0000000008000d04                SPI1_IRQHandler
                0x0000000008000d04                TAMPER_IRQHandler
                0x0000000008000d04                DMA1_Channel4_IRQHandler
                0x0000000008000d04                USART3_IRQHandler
                0x0000000008000d04                RTC_IRQHandler
                0x0000000008000d04                DMA1_Channel7_IRQHandler
                0x0000000008000d04                CAN1_RX1_IRQHandler
                0x0000000008000d04                TIM4_IRQHandler
                0x0000000008000d04                I2C1_EV_IRQHandler
                0x0000000008000d04                DMA1_Channel6_IRQHandler
                0x0000000008000d04                TIM3_IRQHandler
                0x0000000008000d04                RCC_IRQHandler
                0x0000000008000d04                TIM1_TRG_COM_IRQHandler
                0x0000000008000d04                DMA1_Channel1_IRQHandler
                0x0000000008000d04                Default_Handler
                0x0000000008000d04                EXTI15_10_IRQHandler
                0x0000000008000d04                EXTI9_5_IRQHandler
                0x0000000008000d04                SPI2_IRQHandler
                0x0000000008000d04                MemManage_Handler
                0x0000000008000d04                DMA1_Channel5_IRQHandler
                0x0000000008000d04                EXTI4_IRQHandler
                0x0000000008000d04                USB_LP_CAN1_RX0_IRQHandler
                0x0000000008000d04                USB_HP_CAN1_TX_IRQHandler
                0x0000000008000d04                DMA1_Channel3_IRQHandler
                0x0000000008000d04                TIM1_UP_IRQHandler
                0x0000000008000d04                WWDG_IRQHandler
                0x0000000008000d04                TIM2_IRQHandler
                0x0000000008000d04                TIM1_BRK_IRQHandler
                0x0000000008000d04                EXTI1_IRQHandler
                0x0000000008000d04                USART2_IRQHandler
                0x0000000008000d04                I2C2_ER_IRQHandler
                0x0000000008000d04                DMA1_Channel2_IRQHandler
                0x0000000008000d04                CAN1_SCE_IRQHandler
                0x0000000008000d04                FLASH_IRQHandler
                0x0000000008000d04                BusFault_Handler
                0x0000000008000d04                USART1_IRQHandler
                0x0000000008000d04                I2C1_ER_IRQHandler
                0x0000000008000d04                USBWakeUp_IRQHandler
 *fill*         0x0000000008000d06        0x2 
 .text.__libc_init_array
                0x0000000008000d08       0x48 c:/software/embeddedgcc/arm_gcc/bin/../lib/gcc/arm-none-eabi/9.2.1/../../../../arm-none-eabi/lib/thumb/v7-m/nofp\libc_nano.a(lib_a-init.o)
                0x0000000008000d08                __libc_init_array
 *(.glue_7)
 .glue_7        0x0000000008000d50        0x0 linker stubs
 *(.glue_7t)
 .glue_7t       0x0000000008000d50        0x0 linker stubs
 *(.eh_frame)
 .eh_frame      0x0000000008000d50        0x0 c:/software/embeddedgcc/arm_gcc/bin/../lib/gcc/arm-none-eabi/9.2.1/thumb/v7-m/nofp/crtbegin.o
 *(.init)
 .init          0x0000000008000d50        0x4 c:/software/embeddedgcc/arm_gcc/bin/../lib/gcc/arm-none-eabi/9.2.1/thumb/v7-m/nofp/crti.o
                0x0000000008000d50                _init
 .init          0x0000000008000d54        0x8 c:/software/embeddedgcc/arm_gcc/bin/../lib/gcc/arm-none-eabi/9.2.1/thumb/v7-m/nofp/crtn.o
 *(.fini)
 .fini          0x0000000008000d5c        0x4 c:/software/embeddedgcc/arm_gcc/bin/../lib/gcc/arm-none-eabi/9.2.1/thumb/v7-m/nofp/crti.o
                0x0000000008000d5c                _fini
 .fini          0x0000000008000d60        0x8 c:/software/embeddedgcc/arm_gcc/bin/../lib/gcc/arm-none-eabi/9.2.1/thumb/v7-m/nofp/crtn.o
                0x0000000008000d68                . = ALIGN (0x4)
                0x0000000008000d68                _etext = .

.vfp11_veneer   0x0000000008000d68        0x0
 .vfp11_veneer  0x0000000008000d68        0x0 linker stubs

.v4_bx          0x0000000008000d68        0x0
 .v4_bx         0x0000000008000d68        0x0 linker stubs

.iplt           0x0000000008000d68        0x0
 .iplt          0x0000000008000d68        0x0 c:/software/embeddedgcc/arm_gcc/bin/../lib/gcc/arm-none-eabi/9.2.1/thumb/v7-m/nofp/crtbegin.o

.rodata         0x0000000008000d68       0x18
                0x0000000008000d68                . = ALIGN (0x4)
 *(.rodata)
 *(.rodata*)
 .rodata.main.str1.4
                0x0000000008000d68        0xd build/main.o
 *fill*         0x0000000008000d75        0x3 
 .rodata.vTaskStartScheduler.str1.4
                0x0000000008000d78        0x5 build/tasks.o
                0x0000000008000d80                . = ALIGN (0x4)
 *fill*         0x0000000008000d7d        0x3 

.rel.dyn        0x0000000008000d80        0x0
 .rel.iplt      0x0000000008000d80        0x0 c:/software/embeddedgcc/arm_gcc/bin/../lib/gcc/arm-none-eabi/9.2.1/thumb/v7-m/nofp/crtbegin.o

.ARM.extab      0x0000000008000d80        0x0
                0x0000000008000d80                . = ALIGN (0x4)
 *(.ARM.extab* .gnu.linkonce.armextab.*)
                0x0000000008000d80                . = ALIGN (0x4)

.ARM            0x0000000008000d80        0x0
                0x0000000008000d80                . = ALIGN (0x4)
                0x0000000008000d80                __exidx_start = .
 *(.ARM.exidx*)
                0x0000000008000d80                __exidx_end = .
                0x0000000008000d80                . = ALIGN (0x4)

.preinit_array  0x0000000008000d80        0x0
                0x0000000008000d80                . = ALIGN (0x4)
                0x0000000008000d80                PROVIDE (__preinit_array_start = .)
 *(.preinit_array*)
                0x0000000008000d80                PROVIDE (__preinit_array_end = .)
                0x0000000008000d80                . = ALIGN (0x4)

.init_array     0x0000000008000d80        0x4
                0x0000000008000d80                . = ALIGN (0x4)
                0x0000000008000d80                PROVIDE (__init_array_start = .)
 *(SORT_BY_NAME(.init_array.*))
 *(.init_array*)
 .init_array    0x0000000008000d80        0x4 c:/software/embeddedgcc/arm_gcc/bin/../lib/gcc/arm-none-eabi/9.2.1/thumb/v7-m/nofp/crtbegin.o
                0x0000000008000d84                PROVIDE (__init_array_end = .)
                0x0000000008000d84                . = ALIGN (0x4)

.fini_array     0x0000000008000d84        0x4
                0x0000000008000d84                . = ALIGN (0x4)
                [!provide]                        PROVIDE (__fini_array_start = .)
 *(SORT_BY_NAME(.fini_array.*))
 *(.fini_array*)
 .fini_array    0x0000000008000d84        0x4 c:/software/embeddedgcc/arm_gcc/bin/../lib/gcc/arm-none-eabi/9.2.1/thumb/v7-m/nofp/crtbegin.o
                [!provide]                        PROVIDE (__fini_array_end = .)
                0x0000000008000d88                . = ALIGN (0x4)
                0x0000000008000d88                _sidata = LOADADDR (.data)

.data           0x0000000020000000        0x8 load address 0x0000000008000d88
                0x0000000020000000                . = ALIGN (0x4)
                0x0000000020000000                _sdata = .
 *(.data)
 *(.data*)
 .data.uxTopUsedPriority
                0x0000000020000000        0x4 build/tasks.o
                0x0000000020000000                uxTopUsedPriority
 .data.uxCriticalNesting
                0x0000000020000004        0x4 build/port.o
                0x0000000020000008                . = ALIGN (0x4)
                0x0000000020000008                _edata = .

.igot.plt       0x0000000020000008        0x0 load address 0x0000000008000d90
 .igot.plt      0x0000000020000008        0x0 c:/software/embeddedgcc/arm_gcc/bin/../lib/gcc/arm-none-eabi/9.2.1/thumb/v7-m/nofp/crtbegin.o
                0x0000000020000008                . = ALIGN (0x4)

.bss            0x0000000020000008     0x1928 load address 0x0000000008000d90
                0x0000000020000008                _sbss = .
                0x0000000020000008                __bss_start__ = _sbss
 *(.bss)
 *(.bss*)
 .bss.completed.8911
                0x0000000020000008        0x1 c:/software/embeddedgcc/arm_gcc/bin/../lib/gcc/arm-none-eabi/9.2.1/thumb/v7-m/nofp/crtbegin.o
 *fill*         0x0000000020000009        0x3 
 .bss.object.8916
                0x000000002000000c       0x18 c:/software/embeddedgcc/arm_gcc/bin/../lib/gcc/arm-none-eabi/9.2.1/thumb/v7-m/nofp/crtbegin.o
 .bss.pxCurrentTCB
                0x0000000020000024        0x4 build/tasks.o
                0x0000000020000024                pxCurrentTCB
 .bss.pxDelayedTaskList
                0x0000000020000028        0x4 build/tasks.o
 .bss.pxOverflowDelayedTaskList
                0x000000002000002c        0x4 build/tasks.o
 .bss.pxReadyTasksLists
                0x0000000020000030       0x64 build/tasks.o
 .bss.uxCurrentNumberOfTasks
                0x0000000020000094        0x4 build/tasks.o
 .bss.uxDeletedTasksWaitingCleanUp
                0x0000000020000098        0x4 build/tasks.o
 .bss.uxSchedulerSuspended
                0x000000002000009c        0x4 build/tasks.o
 .bss.uxTaskNumber
                0x00000000200000a0        0x4 build/tasks.o
 .bss.uxTopReadyPriority
                0x00000000200000a4        0x4 build/tasks.o
 .bss.xDelayedTaskList1
                0x00000000200000a8       0x14 build/tasks.o
 .bss.xDelayedTaskList2
                0x00000000200000bc       0x14 build/tasks.o
 .bss.xIdleTaskHandle
                0x00000000200000d0        0x4 build/tasks.o
 .bss.xNextTaskUnblockTime
                0x00000000200000d4        0x4 build/tasks.o
 .bss.xNumOfOverflows
                0x00000000200000d8        0x4 build/tasks.o
 .bss.xPendedTicks
                0x00000000200000dc        0x4 build/tasks.o
 .bss.xPendingReadyList
                0x00000000200000e0       0x14 build/tasks.o
 .bss.xSchedulerRunning
                0x00000000200000f4        0x4 build/tasks.o
 .bss.xSuspendedTaskList
                0x00000000200000f8       0x14 build/tasks.o
 .bss.xTasksWaitingTermination
                0x000000002000010c       0x14 build/tasks.o
 .bss.xTickCount
                0x0000000020000120        0x4 build/tasks.o
 .bss.xYieldPending
                0x0000000020000124        0x4 build/tasks.o
 .bss.pucAlignedHeap.5178
                0x0000000020000128        0x4 build/heap_1.o
 .bss.ucHeap    0x000000002000012c     0x1800 build/heap_1.o
 .bss.xNextFreeByte
                0x000000002000192c        0x4 build/heap_1.o
 *(COMMON)
                0x0000000020001930                . = ALIGN (0x4)
                0x0000000020001930                _ebss = .
                0x0000000020001930                __bss_end__ = _ebss

._user_heap_stack
                0x0000000020001930      0x600 load address 0x0000000008000d90
                0x0000000020001930                . = ALIGN (0x8)
                [!provide]                        PROVIDE (end = .)
                [!provide]                        PROVIDE (_end = .)
                0x0000000020001b30                . = (. + _Min_Heap_Size)
 *fill*         0x0000000020001930      0x200 
                0x0000000020001f30                . = (. + _Min_Stack_Size)
 *fill*         0x0000000020001b30      0x400 
                0x0000000020001f30                . = ALIGN (0x8)

/DISCARD/
 libc.a(*)
 libm.a(*)
 libgcc.a(*)

.ARM.attributes
                0x0000000000000000       0x29
 *(.ARM.attributes)
 .ARM.attributes
                0x0000000000000000       0x1d c:/software/embeddedgcc/arm_gcc/bin/../lib/gcc/arm-none-eabi/9.2.1/thumb/v7-m/nofp/crti.o
 .ARM.attributes
                0x000000000000001d       0x2d c:/software/embeddedgcc/arm_gcc/bin/../lib/gcc/arm-none-eabi/9.2.1/thumb/v7-m/nofp/crtbegin.o
 .ARM.attributes
                0x000000000000004a       0x2d build/main.o
 .ARM.attributes
                0x0000000000000077       0x2d build/system_stm32f10x.o
 .ARM.attributes
                0x00000000000000a4       0x2d build/list.o
 .ARM.attributes
                0x00000000000000d1       0x2d build/tasks.o
 .ARM.attributes
                0x00000000000000fe       0x2d build/heap_1.o
 .ARM.attributes
                0x000000000000012b       0x2d build/port.o
 .ARM.attributes
                0x0000000000000158       0x21 build/startup_stm32f103xb.o
 .ARM.attributes
                0x0000000000000179       0x2d c:/software/embeddedgcc/arm_gcc/bin/../lib/gcc/arm-none-eabi/9.2.1/../../../../arm-none-eabi/lib/thumb/v7-m/nofp\libc_nano.a(lib_a-init.o)
 .ARM.attributes
                0x00000000000001a6       0x1d c:/software/embeddedgcc/arm_gcc/bin/../lib/gcc/arm-none-eabi/9.2.1/thumb/v7-m/nofp/crtn.o
OUTPUT(build/freertos.elf elf32-littlearm)

.debug_info     0x0000000000000000     0x5130
 .debug_info    0x0000000000000000      0x3b3 build/main.o
 .debug_info    0x00000000000003b3      0x4a4 build/system_stm32f10x.o
 .debug_info    0x0000000000000857      0xc96 build/list.o
 .debug_info    0x00000000000014ed     0x2d35 build/tasks.o
 .debug_info    0x0000000000004222      0xb60 build/heap_1.o
 .debug_info    0x0000000000004d82      0x38c build/port.o
 .debug_info    0x000000000000510e       0x22 build/startup_stm32f103xb.o

.debug_abbrev   0x0000000000000000      0xe4e
 .debug_abbrev  0x0000000000000000      0x15a build/main.o
 .debug_abbrev  0x000000000000015a      0x1cd build/system_stm32f10x.o
 .debug_abbrev  0x0000000000000327      0x245 build/list.o
 .debug_abbrev  0x000000000000056c      0x440 build/tasks.o
 .debug_abbrev  0x00000000000009ac      0x277 build/heap_1.o
 .debug_abbrev  0x0000000000000c23      0x219 build/port.o
 .debug_abbrev  0x0000000000000e3c       0x12 build/startup_stm32f103xb.o

.debug_loc      0x0000000000000000     0x2882
 .debug_loc     0x0000000000000000       0xb6 build/main.o
 .debug_loc     0x00000000000000b6      0x19b build/system_stm32f10x.o
 .debug_loc     0x0000000000000251       0xe5 build/list.o
 .debug_loc     0x0000000000000336     0x2395 build/tasks.o
 .debug_loc     0x00000000000026cb       0x8d build/heap_1.o
 .debug_loc     0x0000000000002758      0x12a build/port.o

.debug_aranges  0x0000000000000000      0x318
 .debug_aranges
                0x0000000000000000       0x38 build/main.o
 .debug_aranges
                0x0000000000000038       0x38 build/system_stm32f10x.o
 .debug_aranges
                0x0000000000000070       0x40 build/list.o
 .debug_aranges
                0x00000000000000b0      0x198 build/tasks.o
 .debug_aranges
                0x0000000000000248       0x38 build/heap_1.o
 .debug_aranges
                0x0000000000000280       0x70 build/port.o
 .debug_aranges
                0x00000000000002f0       0x28 build/startup_stm32f103xb.o

.debug_ranges   0x0000000000000000      0x4a0
 .debug_ranges  0x0000000000000000       0x28 build/main.o
 .debug_ranges  0x0000000000000028       0x28 build/system_stm32f10x.o
 .debug_ranges  0x0000000000000050       0x30 build/list.o
 .debug_ranges  0x0000000000000080      0x378 build/tasks.o
 .debug_ranges  0x00000000000003f8       0x28 build/heap_1.o
 .debug_ranges  0x0000000000000420       0x60 build/port.o
 .debug_ranges  0x0000000000000480       0x20 build/startup_stm32f103xb.o

.debug_line     0x0000000000000000     0x2db3
 .debug_line    0x0000000000000000      0x208 build/main.o
 .debug_line    0x0000000000000208      0x363 build/system_stm32f10x.o
 .debug_line    0x000000000000056b      0x35f build/list.o
 .debug_line    0x00000000000008ca     0x1ede build/tasks.o
 .debug_line    0x00000000000027a8      0x270 build/heap_1.o
 .debug_line    0x0000000000002a18      0x326 build/port.o
 .debug_line    0x0000000000002d3e       0x75 build/startup_stm32f103xb.o

.debug_str      0x0000000000000000     0x146d
 .debug_str     0x0000000000000000      0x221 build/main.o
                                        0x263 (size before relaxing)
 .debug_str     0x0000000000000221      0x104 build/system_stm32f10x.o
                                        0x2d9 (size before relaxing)
 .debug_str     0x0000000000000325      0x506 build/list.o
                                        0x699 (size before relaxing)
 .debug_str     0x000000000000082b      0xb16 build/tasks.o
                                       0x11ee (size before relaxing)
 .debug_str     0x0000000000001341       0x71 build/heap_1.o
                                        0x60f (size before relaxing)
 .debug_str     0x00000000000013b2       0x97 build/port.o
                                        0x31c (size before relaxing)
 .debug_str     0x0000000000001449       0x24 build/startup_stm32f103xb.o
                                         0x33 (size before relaxing)

.comment        0x0000000000000000       0x66
 .comment       0x0000000000000000       0x66 build/main.o
                                         0x67 (size before relaxing)
 .comment       0x0000000000000066       0x67 build/system_stm32f10x.o
 .comment       0x0000000000000066       0x67 build/list.o
 .comment       0x0000000000000066       0x67 build/tasks.o
 .comment       0x0000000000000066       0x67 build/heap_1.o
 .comment       0x0000000000000066       0x67 build/port.o

.debug_frame    0x0000000000000000      0x858
 .debug_frame   0x0000000000000000       0x74 build/main.o
 .debug_frame   0x0000000000000074       0x74 build/system_stm32f10x.o
 .debug_frame   0x00000000000000e8       0x74 build/list.o
 .debug_frame   0x000000000000015c      0x590 build/tasks.o
 .debug_frame   0x00000000000006ec       0x60 build/heap_1.o
 .debug_frame   0x000000000000074c       0xe0 build/port.o
 .debug_frame   0x000000000000082c       0x2c c:/software/embeddedgcc/arm_gcc/bin/../lib/gcc/arm-none-eabi/9.2.1/../../../../arm-none-eabi/lib/thumb/v7-m/nofp\libc_nano.a(lib_a-init.o)

Cross Reference Table

Symbol                                            File
ADC1_2_IRQHandler                                 build/startup_stm32f103xb.o
AHBPrescTable                                     build/system_stm32f10x.o
BusFault_Handler                                  build/startup_stm32f103xb.o
CAN1_RX1_IRQHandler                               build/startup_stm32f103xb.o
CAN1_SCE_IRQHandler                               build/startup_stm32f103xb.o
DMA1_Channel1_IRQHandler                          build/startup_stm32f103xb.o
DMA1_Channel2_IRQHandler                          build/startup_stm32f103xb.o
DMA1_Channel3_IRQHandler                          build/startup_stm32f103xb.o
DMA1_Channel4_IRQHandler                          build/startup_stm32f103xb.o
DMA1_Channel5_IRQHandler                          build/startup_stm32f103xb.o
DMA1_Channel6_IRQHandler                          build/startup_stm32f103xb.o
DMA1_Channel7_IRQHandler                          build/startup_stm32f103xb.o
DebugMon_Handler                                  build/startup_stm32f103xb.o
Default_Handler                                   build/startup_stm32f103xb.o
EXTI0_IRQHandler                                  build/startup_stm32f103xb.o
EXTI15_10_IRQHandler                              build/startup_stm32f103xb.o
EXTI1_IRQHandler                                  build/startup_stm32f103xb.o
EXTI2_IRQHandler                                  build/startup_stm32f103xb.o
EXTI3_IRQHandler                                  build/startup_stm32f103xb.o
EXTI4_IRQHandler                                  build/startup_stm32f103xb.o
EXTI9_5_IRQHandler                                build/startup_stm32f103xb.o
FLASH_IRQHandler                                  build/startup_stm32f103xb.o
GPIO_Init                                         build/main.o
HardFault_Handler                                 build/startup_stm32f103xb.o
I2C1_ER_IRQHandler                                build/startup_stm32f103xb.o
I2C1_EV_IRQHandler                                build/startup_stm32f103xb.o
I2C2_ER_IRQHandler                                build/startup_stm32f103xb.o
I2C2_EV_IRQHandler                                build/startup_stm32f103xb.o
MemManage_Handler                                 build/startup_stm32f103xb.o
NMI_Handler                                       build/startup_stm32f103xb.o
PVD_IRQHandler                                    build/startup_stm32f103xb.o
PendSV_Handler                                    build/port.o
RCC_IRQHandler                                    build/startup_stm32f103xb.o
RTC_Alarm_IRQHandler                              build/startup_stm32f103xb.o
RTC_IRQHandler                                    build/startup_stm32f103xb.o
Reset_Handler                                     build/startup_stm32f103xb.o
SPI1_IRQHandler                                   build/startup_stm32f103xb.o
SPI2_IRQHandler                                   build/startup_stm32f103xb.o
SVC_Handler                                       build/port.o
SysTick_Handler                                   build/port.o
SystemCoreClock                                   build/system_stm32f10x.o
SystemCoreClockUpdate                             build/system_stm32f10x.o
SystemInit                                        build/system_stm32f10x.o
                                                  build/startup_stm32f103xb.o
TAMPER_IRQHandler                                 build/startup_stm32f103xb.o
TIM1_BRK_IRQHandler                               build/startup_stm32f103xb.o
TIM1_CC_IRQHandler                                build/startup_stm32f103xb.o
TIM1_TRG_COM_IRQHandler                           build/startup_stm32f103xb.o
TIM1_UP_IRQHandler                                build/startup_stm32f103xb.o
TIM2_IRQHandler                                   build/startup_stm32f103xb.o
TIM3_IRQHandler                                   build/startup_stm32f103xb.o
TIM4_IRQHandler                                   build/startup_stm32f103xb.o
USART1_IRQHandler                                 build/startup_stm32f103xb.o
USART2_IRQHandler                                 build/startup_stm32f103xb.o
USART3_IRQHandler                                 build/startup_stm32f103xb.o
USBWakeUp_IRQHandler                              build/startup_stm32f103xb.o
USB_HP_CAN1_TX_IRQHandler                         build/startup_stm32f103xb.o
USB_LP_CAN1_RX0_IRQHandler                        build/startup_stm32f103xb.o
UsageFault_Handler                                build/startup_stm32f103xb.o
WWDG_IRQHandler                                   build/startup_stm32f103xb.o
__LDREXB                                          build/core_cm3.o
__LDREXH                                          build/core_cm3.o
__LDREXW                                          build/core_cm3.o
__RBIT                                            build/core_cm3.o
__REV                                             build/core_cm3.o
__REV16                                           build/core_cm3.o
__REVSH                                           build/core_cm3.o
__STREXB                                          build/core_cm3.o
__STREXH                                          build/core_cm3.o
__STREXW                                          build/core_cm3.o
__bss_end__                                       c:/software/embeddedgcc/arm_gcc/bin/../lib/gcc/arm-none-eabi/9.2.1/../../../../arm-none-eabi/lib/thumb/v7-m/nofp/crt0.o
__bss_start__                                     c:/software/embeddedgcc/arm_gcc/bin/../lib/gcc/arm-none-eabi/9.2.1/../../../../arm-none-eabi/lib/thumb/v7-m/nofp/crt0.o
__call_exitprocs                                  c:/software/embeddedgcc/arm_gcc/bin/../lib/gcc/arm-none-eabi/9.2.1/../../../../arm-none-eabi/lib/thumb/v7-m/nofp\libc_nano.a(lib_a-exit.o)
__deregister_frame_info                           c:/software/embeddedgcc/arm_gcc/bin/../lib/gcc/arm-none-eabi/9.2.1/thumb/v7-m/nofp/crtbegin.o
__dso_handle                                      c:/software/embeddedgcc/arm_gcc/bin/../lib/gcc/arm-none-eabi/9.2.1/thumb/v7-m/nofp/crtbegin.o
__get_BASEPRI                                     build/core_cm3.o
__get_CONTROL                                     build/core_cm3.o
__get_FAULTMASK                                   build/core_cm3.o
__get_MSP                                         build/core_cm3.o
__get_PRIMASK                                     build/core_cm3.o
__get_PSP                                         build/core_cm3.o
__init_array_end                                  c:/software/embeddedgcc/arm_gcc/bin/../lib/gcc/arm-none-eabi/9.2.1/../../../../arm-none-eabi/lib/thumb/v7-m/nofp\libc_nano.a(lib_a-init.o)
__init_array_start                                c:/software/embeddedgcc/arm_gcc/bin/../lib/gcc/arm-none-eabi/9.2.1/../../../../arm-none-eabi/lib/thumb/v7-m/nofp\libc_nano.a(lib_a-init.o)
__libc_fini_array                                 c:/software/embeddedgcc/arm_gcc/bin/../lib/gcc/arm-none-eabi/9.2.1/../../../../arm-none-eabi/lib/thumb/v7-m/nofp/crt0.o
__libc_init_array                                 c:/software/embeddedgcc/arm_gcc/bin/../lib/gcc/arm-none-eabi/9.2.1/../../../../arm-none-eabi/lib/thumb/v7-m/nofp\libc_nano.a(lib_a-init.o)
                                                  build/startup_stm32f103xb.o
                                                  c:/software/embeddedgcc/arm_gcc/bin/../lib/gcc/arm-none-eabi/9.2.1/../../../../arm-none-eabi/lib/thumb/v7-m/nofp/crt0.o
__preinit_array_end                               c:/software/embeddedgcc/arm_gcc/bin/../lib/gcc/arm-none-eabi/9.2.1/../../../../arm-none-eabi/lib/thumb/v7-m/nofp\libc_nano.a(lib_a-init.o)
__preinit_array_start                             c:/software/embeddedgcc/arm_gcc/bin/../lib/gcc/arm-none-eabi/9.2.1/../../../../arm-none-eabi/lib/thumb/v7-m/nofp\libc_nano.a(lib_a-init.o)
__register_frame_info                             c:/software/embeddedgcc/arm_gcc/bin/../lib/gcc/arm-none-eabi/9.2.1/thumb/v7-m/nofp/crtbegin.o
__set_BASEPRI                                     build/core_cm3.o
__set_CONTROL                                     build/core_cm3.o
__set_FAULTMASK                                   build/core_cm3.o
__set_MSP                                         build/core_cm3.o
__set_PRIMASK                                     build/core_cm3.o
__set_PSP                                         build/core_cm3.o
__sf_fake_stderr                                  c:/software/embeddedgcc/arm_gcc/bin/../lib/gcc/arm-none-eabi/9.2.1/../../../../arm-none-eabi/lib/thumb/v7-m/nofp\libc_nano.a(lib_a-impure.o)
__sf_fake_stdin                                   c:/software/embeddedgcc/arm_gcc/bin/../lib/gcc/arm-none-eabi/9.2.1/../../../../arm-none-eabi/lib/thumb/v7-m/nofp\libc_nano.a(lib_a-impure.o)
__sf_fake_stdout                                  c:/software/embeddedgcc/arm_gcc/bin/../lib/gcc/arm-none-eabi/9.2.1/../../../../arm-none-eabi/lib/thumb/v7-m/nofp\libc_nano.a(lib_a-impure.o)
__stack                                           c:/software/embeddedgcc/arm_gcc/bin/../lib/gcc/arm-none-eabi/9.2.1/../../../../arm-none-eabi/lib/thumb/v7-m/nofp/crt0.o
_ebss                                             build/startup_stm32f103xb.o
_edata                                            build/startup_stm32f103xb.o
_estack                                           build/startup_stm32f103xb.o
_exit                                             c:/software/embeddedgcc/arm_gcc/bin/../lib/gcc/arm-none-eabi/9.2.1/../../../../arm-none-eabi/lib/thumb/v7-m/nofp\libnosys.a(_exit.o)
                                                  c:/software/embeddedgcc/arm_gcc/bin/../lib/gcc/arm-none-eabi/9.2.1/../../../../arm-none-eabi/lib/thumb/v7-m/nofp\libc_nano.a(lib_a-exit.o)
_fini                                             c:/software/embeddedgcc/arm_gcc/bin/../lib/gcc/arm-none-eabi/9.2.1/thumb/v7-m/nofp/crti.o
_global_impure_ptr                                c:/software/embeddedgcc/arm_gcc/bin/../lib/gcc/arm-none-eabi/9.2.1/../../../../arm-none-eabi/lib/thumb/v7-m/nofp\libc_nano.a(lib_a-impure.o)
                                                  c:/software/embeddedgcc/arm_gcc/bin/../lib/gcc/arm-none-eabi/9.2.1/../../../../arm-none-eabi/lib/thumb/v7-m/nofp\libc_nano.a(lib_a-exit.o)
_impure_ptr                                       c:/software/embeddedgcc/arm_gcc/bin/../lib/gcc/arm-none-eabi/9.2.1/../../../../arm-none-eabi/lib/thumb/v7-m/nofp\libc_nano.a(lib_a-impure.o)
_init                                             c:/software/embeddedgcc/arm_gcc/bin/../lib/gcc/arm-none-eabi/9.2.1/thumb/v7-m/nofp/crti.o
                                                  c:/software/embeddedgcc/arm_gcc/bin/../lib/gcc/arm-none-eabi/9.2.1/../../../../arm-none-eabi/lib/thumb/v7-m/nofp\libc_nano.a(lib_a-init.o)
_mainCRTStartup                                   c:/software/embeddedgcc/arm_gcc/bin/../lib/gcc/arm-none-eabi/9.2.1/../../../../arm-none-eabi/lib/thumb/v7-m/nofp/crt0.o
_sbss                                             build/startup_stm32f103xb.o
_sdata                                            build/startup_stm32f103xb.o
_sidata                                           build/startup_stm32f103xb.o
_start                                            c:/software/embeddedgcc/arm_gcc/bin/../lib/gcc/arm-none-eabi/9.2.1/../../../../arm-none-eabi/lib/thumb/v7-m/nofp/crt0.o
atexit                                            c:/software/embeddedgcc/arm_gcc/bin/../lib/gcc/arm-none-eabi/9.2.1/../../../../arm-none-eabi/lib/thumb/v7-m/nofp/crt0.o
exit                                              c:/software/embeddedgcc/arm_gcc/bin/../lib/gcc/arm-none-eabi/9.2.1/../../../../arm-none-eabi/lib/thumb/v7-m/nofp\libc_nano.a(lib_a-exit.o)
                                                  c:/software/embeddedgcc/arm_gcc/bin/../lib/gcc/arm-none-eabi/9.2.1/../../../../arm-none-eabi/lib/thumb/v7-m/nofp/crt0.o
g_pfnVectors                                      build/startup_stm32f103xb.o
hardware_init_hook                                c:/software/embeddedgcc/arm_gcc/bin/../lib/gcc/arm-none-eabi/9.2.1/../../../../arm-none-eabi/lib/thumb/v7-m/nofp/crt0.o
main                                              build/main.o
                                                  build/startup_stm32f103xb.o
                                                  c:/software/embeddedgcc/arm_gcc/bin/../lib/gcc/arm-none-eabi/9.2.1/../../../../arm-none-eabi/lib/thumb/v7-m/nofp/crt0.o
memcpy                                            c:/software/embeddedgcc/arm_gcc/bin/../lib/gcc/arm-none-eabi/9.2.1/../../../../arm-none-eabi/lib/thumb/v7-m/nofp\libc_nano.a(lib_a-memcpy-stub.o)
                                                  build/stream_buffer.o
                                                  build/queue.o
memset                                            c:/software/embeddedgcc/arm_gcc/bin/../lib/gcc/arm-none-eabi/9.2.1/../../../../arm-none-eabi/lib/thumb/v7-m/nofp\libc_nano.a(lib_a-memset.o)
                                                  build/stream_buffer.o
                                                  c:/software/embeddedgcc/arm_gcc/bin/../lib/gcc/arm-none-eabi/9.2.1/../../../../arm-none-eabi/lib/thumb/v7-m/nofp/crt0.o
pcTaskGetName                                     build/tasks.o
pvPortMalloc                                      build/heap_1.o
                                                  build/tasks.o
                                                  build/stream_buffer.o
                                                  build/queue.o
                                                  build/event_groups.o
pxCurrentTCB                                      build/tasks.o
                                                  build/port.o
pxPortInitialiseStack                             build/port.o
                                                  build/tasks.o
software_init_hook                                c:/software/embeddedgcc/arm_gcc/bin/../lib/gcc/arm-none-eabi/9.2.1/../../../../arm-none-eabi/lib/thumb/v7-m/nofp/crt0.o
ulTaskGenericNotifyTake                           build/tasks.o
ulTaskGenericNotifyValueClear                     build/tasks.o
uxListRemove                                      build/list.o
                                                  build/tasks.o
uxQueueMessagesWaiting                            build/queue.o
uxQueueMessagesWaitingFromISR                     build/queue.o
uxQueueSpacesAvailable                            build/queue.o
uxTaskGetNumberOfTasks                            build/tasks.o
uxTaskPriorityGet                                 build/tasks.o
uxTaskPriorityGetFromISR                          build/tasks.o
uxTaskResetEventItemValue                         build/tasks.o
                                                  build/event_groups.o
uxTopUsedPriority                                 build/tasks.o
vEventGroupClearBitsCallback                      build/event_groups.o
vEventGroupDelete                                 build/event_groups.o
vEventGroupSetBitsCallback                        build/event_groups.o
vListInitialise                                   build/list.o
                                                  build/tasks.o
                                                  build/queue.o
                                                  build/event_groups.o
vListInitialiseItem                               build/list.o
                                                  build/tasks.o
vListInsert                                       build/list.o
                                                  build/tasks.o
vListInsertEnd                                    build/list.o
                                                  build/tasks.o
vPortEndScheduler                                 build/port.o
                                                  build/tasks.o
vPortEnterCritical                                build/port.o
                                                  build/tasks.o
                                                  build/stream_buffer.o
                                                  build/queue.o
                                                  build/event_groups.o
vPortExitCritical                                 build/port.o
                                                  build/tasks.o
                                                  build/stream_buffer.o
                                                  build/queue.o
                                                  build/event_groups.o
vPortFree                                         build/heap_1.o
                                                  build/tasks.o
                                                  build/stream_buffer.o
                                                  build/queue.o
                                                  build/event_groups.o
vPortInitialiseBlocks                             build/heap_1.o
vPortSetupTimerInterrupt                          build/port.o
vQueueDelete                                      build/queue.o
vStreamBufferDelete                               build/stream_buffer.o
vTaskDelay                                        build/tasks.o
                                                  build/main.o
vTaskDelete                                       build/tasks.o
vTaskEndScheduler                                 build/tasks.o
vTaskGenericNotifyGiveFromISR                     build/tasks.o
vTaskInternalSetTimeOutState                      build/tasks.o
                                                  build/queue.o
vTaskMissedYield                                  build/tasks.o
                                                  build/queue.o
vTaskPlaceOnEventList                             build/tasks.o
                                                  build/queue.o
vTaskPlaceOnUnorderedEventList                    build/tasks.o
                                                  build/event_groups.o
vTaskPrioritySet                                  build/tasks.o
vTaskRemoveFromUnorderedEventList                 build/tasks.o
                                                  build/event_groups.o
vTaskResume                                       build/tasks.o
vTaskSetTimeOutState                              build/tasks.o
                                                  build/stream_buffer.o
vTaskStartScheduler                               build/tasks.o
                                                  build/main.o
vTaskSuspend                                      build/tasks.o
vTaskSuspendAll                                   build/tasks.o
                                                  build/heap_1.o
                                                  build/stream_buffer.o
                                                  build/queue.o
                                                  build/event_groups.o
vTaskSwitchContext                                build/tasks.o
                                                  build/port.o
vTask_led_blink_pc13                              build/main.o
vTask_led_blink_pc9                               build/main.o
xEventGroupClearBits                              build/event_groups.o
xEventGroupCreate                                 build/event_groups.o
xEventGroupGetBitsFromISR                         build/event_groups.o
xEventGroupSetBits                                build/event_groups.o
xEventGroupSync                                   build/event_groups.o
xEventGroupWaitBits                               build/event_groups.o
xPortGetFreeHeapSize                              build/heap_1.o
xPortStartScheduler                               build/port.o
                                                  build/tasks.o
xQueueGenericCreate                               build/queue.o
xQueueGenericReset                                build/queue.o
xQueueGenericSend                                 build/queue.o
xQueueGenericSendFromISR                          build/queue.o
xQueueGiveFromISR                                 build/queue.o
xQueueIsQueueEmptyFromISR                         build/queue.o
xQueueIsQueueFullFromISR                          build/queue.o
xQueuePeek                                        build/queue.o
xQueuePeekFromISR                                 build/queue.o
xQueueReceive                                     build/queue.o
xQueueReceiveFromISR                              build/queue.o
xQueueSemaphoreTake                               build/queue.o
xStreamBufferBytesAvailable                       build/stream_buffer.o
xStreamBufferGenericCreate                        build/stream_buffer.o
xStreamBufferIsEmpty                              build/stream_buffer.o
xStreamBufferIsFull                               build/stream_buffer.o
xStreamBufferNextMessageLengthBytes               build/stream_buffer.o
xStreamBufferReceive                              build/stream_buffer.o
xStreamBufferReceiveCompletedFromISR              build/stream_buffer.o
xStreamBufferReceiveFromISR                       build/stream_buffer.o
xStreamBufferReset                                build/stream_buffer.o
xStreamBufferSend                                 build/stream_buffer.o
xStreamBufferSendCompletedFromISR                 build/stream_buffer.o
xStreamBufferSendFromISR                          build/stream_buffer.o
xStreamBufferSetTriggerLevel                      build/stream_buffer.o
xStreamBufferSpacesAvailable                      build/stream_buffer.o
xTaskCatchUpTicks                                 build/tasks.o
xTaskCheckForTimeOut                              build/tasks.o
                                                  build/stream_buffer.o
                                                  build/queue.o
xTaskCreate                                       build/tasks.o
                                                  build/main.o
xTaskDelayUntil                                   build/tasks.o
xTaskGenericNotify                                build/tasks.o
                                                  build/stream_buffer.o
xTaskGenericNotifyFromISR                         build/tasks.o
                                                  build/stream_buffer.o
xTaskGenericNotifyStateClear                      build/tasks.o
                                                  build/stream_buffer.o
xTaskGenericNotifyWait                            build/tasks.o
                                                  build/stream_buffer.o
xTaskGetCurrentTaskHandle                         build/tasks.o
                                                  build/stream_buffer.o
xTaskGetSchedulerState                            build/tasks.o
xTaskGetTickCount                                 build/tasks.o
xTaskGetTickCountFromISR                          build/tasks.o
xTaskIncrementTick                                build/tasks.o
                                                  build/port.o
xTaskRemoveFromEventList                          build/tasks.o
                                                  build/queue.o
xTaskResumeAll                                    build/tasks.o
                                                  build/heap_1.o
                                                  build/stream_buffer.o
                                                  build/queue.o
                                                  build/event_groups.o
xTaskResumeFromISR                                build/tasks.o
